__tests__/insumos/cmp.test.ts(262,5): error TS2741: Property 'novo_cmp' is missing in type '{ novo_estoque: number; cmp_mantido: number; }' but required in type '{ novo_cmp: number; novo_estoque: number; }'.
__tests__/insumos/cmp.test.ts(263,76): error TS2339: Property 'cmp_mantido' does not exist on type '{ novo_cmp: number; novo_estoque: number; }'.
__tests__/insumos/cmp.test.ts(274,5): error TS2741: Property 'novo_cmp' is missing in type '{ novo_estoque: number; cmp_mantido: number; }' but required in type '{ novo_cmp: number; novo_estoque: number; }'.
__tests__/insumos/cmp.test.ts(275,76): error TS2339: Property 'cmp_mantido' does not exist on type '{ novo_cmp: number; novo_estoque: number; }'.
__tests__/insumos/cmp.test.ts(279,5): error TS2741: Property 'novo_cmp' is missing in type '{ novo_estoque: number; cmp_mantido: number; }' but required in type '{ novo_cmp: number; novo_estoque: number; }'.
__tests__/insumos/cmp.test.ts(280,76): error TS2339: Property 'cmp_mantido' does not exist on type '{ novo_cmp: number; novo_estoque: number; }'.
__tests__/insumos/cmp.test.ts(291,5): error TS2741: Property 'novo_cmp' is missing in type '{ novo_estoque: number; cmp_mantido: number; }' but required in type '{ novo_cmp: number; novo_estoque: number; }'.
__tests__/insumos/cmp.test.ts(292,76): error TS2339: Property 'cmp_mantido' does not exist on type '{ novo_cmp: number; novo_estoque: number; }'.
__tests__/insumos/cmp.test.ts(296,5): error TS2741: Property 'novo_cmp' is missing in type '{ novo_estoque: number; cmp_mantido: number; }' but required in type '{ novo_cmp: number; novo_estoque: number; }'.
__tests__/insumos/cmp.test.ts(297,76): error TS2339: Property 'cmp_mantido' does not exist on type '{ novo_cmp: number; novo_estoque: number; }'.
__tests__/insumos/cmp.test.ts(310,5): error TS2741: Property 'novo_cmp' is missing in type '{ novo_estoque: number; cmp_mantido: number; }' but required in type '{ novo_cmp: number; novo_estoque: number; }'.
__tests__/insumos/cmp.test.ts(311,76): error TS2339: Property 'cmp_mantido' does not exist on type '{ novo_cmp: number; novo_estoque: number; }'.
__tests__/insumos/cmp.test.ts(321,5): error TS2741: Property 'novo_cmp' is missing in type '{ novo_estoque: number; cmp_mantido: number; }' but required in type '{ novo_cmp: number; novo_estoque: number; }'.
__tests__/insumos/cmp.test.ts(322,76): error TS2339: Property 'cmp_mantido' does not exist on type '{ novo_cmp: number; novo_estoque: number; }'.
app/dashboard/page.tsx(140,33): error TS2538: Type 'null' cannot be used as an index type.
app/dashboard/page.tsx(140,62): error TS2538: Type 'null' cannot be used as an index type.
app/dashboard/page.tsx(141,28): error TS2538: Type 'null' cannot be used as an index type.
app/operador/page.tsx(87,20): error TS2345: Argument of type '{ created_at: string | null; email: string; fazenda_id: string | null; id: string; nome: string; perfil: string; fazendas: { nome: string; } | null; }' is not assignable to parameter of type 'SetStateAction<Profile | null>'.
  Type '{ created_at: string | null; email: string; fazenda_id: string | null; id: string; nome: string; perfil: string; fazendas: { nome: string; } | null; }' is not assignable to type 'Profile'.
    Types of property 'perfil' are incompatible.
      Type 'string' is not assignable to type '"Administrador" | "Operador" | "Visualizador"'.
hooks/useBreadcrumbData.ts(126,13): error TS2769: No overload matches this call.
  Overload 1 of 2, '(relation: "fazendas" | "maquinas" | "lotes" | "animais" | "ciclos_agricolas" | "insumos" | "talhoes" | "silos" | "atividades_campo" | "profiles" | "categorias_insumo" | "tipos_insumo" | ... 14 more ... | "uso_maquinas"): PostgrestQueryBuilder<...>', gave the following error.
    Argument of type 'string' is not assignable to parameter of type '"fazendas" | "maquinas" | "lotes" | "animais" | "ciclos_agricolas" | "insumos" | "talhoes" | "silos" | "atividades_campo" | "profiles" | "categorias_insumo" | "tipos_insumo" | ... 14 more ... | "uso_maquinas"'.
  Overload 2 of 2, '(relation: never): PostgrestQueryBuilder<{ PostgrestVersion: "14.5"; }, { Tables: { abastecimentos: { Row: { combustivel: string | null; created_at: string | null; created_by: string | null; data: string; ... 8 more ...; valor: number | null; }; Insert: { ...; }; Update: { ...; }; Relationships: [...]; }; ... 25 more ...; uso_maquinas: { ...; }; }; Views: {}; Functions: { ...; }; Enums: { ...; }; CompositeTypes: {}; }, never, never, never>', gave the following error.
    Argument of type 'string' is not assignable to parameter of type 'never'.
hooks/useBreadcrumbData.ts(129,11): error TS2345: Argument of type '"fazenda_id"' is not assignable to parameter of type '"id"'.
lib/supabase/configuracoes.ts(19,13): error TS2345: Argument of type '{ nome?: string | undefined; email?: string | undefined; telefone?: string | null | undefined; }' is not assignable to parameter of type 'RejectExcessProperties<{ created_at?: string | null | undefined; email?: string | undefined; fazenda_id?: string | null | undefined; id?: string | undefined; nome?: string | undefined; perfil?: string | undefined; }, { ...; }>'.
  Type '{ nome?: string | undefined; email?: string | undefined; telefone?: string | null | undefined; }' is not assignable to type '{ telefone: never; }'.
    Types of property 'telefone' are incompatible.
      Type 'string | null | undefined' is not assignable to type 'never'.
        Type 'undefined' is not assignable to type 'never'.
lib/supabase/configuracoes.ts(24,10): error TS2352: Conversion of type 'SelectQueryError<"column 'telefone' does not exist on 'profiles'.">' to type 'Profile' may be a mistake because neither type sufficiently overlaps with the other. If this was intentional, convert the expression to 'unknown' first.
  Type '{ error: true; } & String' is missing the following properties from type 'Profile': id, nome, email, perfil, fazenda_id
lib/supabase/configuracoes.ts(64,10): error TS2352: Conversion of type 'SelectQueryError<"column 'telefone' does not exist on 'profiles'.">[]' to type 'Profile[]' may be a mistake because neither type sufficiently overlaps with the other. If this was intentional, convert the expression to 'unknown' first.
  Type '{ error: true; } & String' is missing the following properties from type 'Profile': id, nome, email, perfil, fazenda_id
lib/supabase/fazenda.ts(37,5): error TS2322: Type 'string | null' is not assignable to type 'string | undefined'.
  Type 'null' is not assignable to type 'string | undefined'.
lib/supabase/fazenda.ts(38,5): error TS2322: Type 'number | null' is not assignable to type 'number | undefined'.
  Type 'null' is not assignable to type 'number | undefined'.
lib/supabase/fazenda.ts(39,5): error TS2322: Type 'number | null' is not assignable to type 'number | undefined'.
  Type 'null' is not assignable to type 'number | undefined'.
lib/supabase/fazenda.ts(40,5): error TS2322: Type 'number | null' is not assignable to type 'number | undefined'.
  Type 'null' is not assignable to type 'number | undefined'.
lib/supabase/operador.ts(6,6): error TS2769: No overload matches this call.
  Overload 1 of 2, '(values: RejectExcessProperties<{ created_at?: string | null | undefined; created_by?: string | null | undefined; data?: string | undefined; fazenda_id: string; id?: string | undefined; observacao?: string | null | undefined; ... 5 more ...; tipo: string; }, { ...; }>, options?: { ...; } | undefined): PostgrestFilterBuilder<...>', gave the following error.
    Argument of type '{ silo_id: string; tipo: string; quantidade: number; data: string; responsavel: string; observacao: string; }' is not assignable to parameter of type 'RejectExcessProperties<{ created_at?: string | null | undefined; created_by?: string | null | undefined; data?: string | undefined; fazenda_id: string; id?: string | undefined; observacao?: string | null | undefined; ... 5 more ...; tipo: string; }, { ...; }>'.
      Property 'fazenda_id' is missing in type '{ silo_id: string; tipo: string; quantidade: number; data: string; responsavel: string; observacao: string; }' but required in type '{ created_at?: string | null | undefined; created_by?: string | null | undefined; data?: string | undefined; fazenda_id: string; id?: string | undefined; observacao?: string | null | undefined; ... 5 more ...; tipo: string; }'.
  Overload 2 of 2, '(values: RejectExcessProperties<{ created_at?: string | null | undefined; created_by?: string | null | undefined; data?: string | undefined; fazenda_id: string; id?: string | undefined; observacao?: string | null | undefined; ... 5 more ...; tipo: string; }, { ...; }>[], options?: { ...; } | undefined): PostgrestFilterBuilder<...>', gave the following error.
    Object literal may only specify known properties, and 'silo_id' does not exist in type 'RejectExcessProperties<{ created_at?: string | null | undefined; created_by?: string | null | undefined; data?: string | undefined; fazenda_id: string; id?: string | undefined; observacao?: string | null | undefined; ... 5 more ...; tipo: string; }, { ...; }>[]'.
lib/supabase/operador.ts(24,6): error TS2769: No overload matches this call.
  Overload 1 of 2, '(values: RejectExcessProperties<{ created_at?: string | null | undefined; created_by?: string | null | undefined; data?: string | undefined; fazenda_id: string; id?: string | undefined; observacao?: string | null | undefined; ... 5 more ...; tipo: string; }, { ...; }>, options?: { ...; } | undefined): PostgrestFilterBuilder<...>', gave the following error.
    Argument of type '{ silo_id: string; tipo: string; quantidade: number; data: string; responsavel: string; observacao: string; }' is not assignable to parameter of type 'RejectExcessProperties<{ created_at?: string | null | undefined; created_by?: string | null | undefined; data?: string | undefined; fazenda_id: string; id?: string | undefined; observacao?: string | null | undefined; ... 5 more ...; tipo: string; }, { ...; }>'.
      Property 'fazenda_id' is missing in type '{ silo_id: string; tipo: string; quantidade: number; data: string; responsavel: string; observacao: string; }' but required in type '{ created_at?: string | null | undefined; created_by?: string | null | undefined; data?: string | undefined; fazenda_id: string; id?: string | undefined; observacao?: string | null | undefined; ... 5 more ...; tipo: string; }'.
  Overload 2 of 2, '(values: RejectExcessProperties<{ created_at?: string | null | undefined; created_by?: string | null | undefined; data?: string | undefined; fazenda_id: string; id?: string | undefined; observacao?: string | null | undefined; ... 5 more ...; tipo: string; }, { ...; }>[], options?: { ...; } | undefined): PostgrestFilterBuilder<...>', gave the following error.
    Object literal may only specify known properties, and 'silo_id' does not exist in type 'RejectExcessProperties<{ created_at?: string | null | undefined; created_by?: string | null | undefined; data?: string | undefined; fazenda_id: string; id?: string | undefined; observacao?: string | null | undefined; ... 5 more ...; tipo: string; }, { ...; }>[]'.
lib/supabase/queries-audit.ts(211,15): error TS2769: No overload matches this call.
  Overload 1 of 2, '(values: RejectExcessProperties<{ created_at?: string | null | undefined; created_by?: string | null | undefined; data?: string | undefined; fazenda_id: string; id?: string | undefined; observacao?: string | null | undefined; ... 5 more ...; tipo: string; }, { ...; }>, options?: { ...; } | undefined): PostgrestFilterBuilder<...>', gave the following error.
    Argument of type 'Omit<MovimentacaoSilo, "id">' is not assignable to parameter of type 'RejectExcessProperties<{ created_at?: string | null | undefined; created_by?: string | null | undefined; data?: string | undefined; fazenda_id: string; id?: string | undefined; observacao?: string | null | undefined; ... 5 more ...; tipo: string; }, { ...; }>'.
      Property 'fazenda_id' is missing in type 'Omit<MovimentacaoSilo, "id">' but required in type '{ created_at?: string | null | undefined; created_by?: string | null | undefined; data?: string | undefined; fazenda_id: string; id?: string | undefined; observacao?: string | null | undefined; ... 5 more ...; tipo: string; }'.
  Overload 2 of 2, '(values: RejectExcessProperties<{ created_at?: string | null | undefined; created_by?: string | null | undefined; data?: string | undefined; fazenda_id: string; id?: string | undefined; observacao?: string | null | undefined; ... 5 more ...; tipo: string; }, { ...; }>[], options?: { ...; } | undefined): PostgrestFilterBuilder<...>', gave the following error.
    Argument of type 'Omit<MovimentacaoSilo, "id">' is not assignable to parameter of type 'RejectExcessProperties<{ created_at?: string | null | undefined; created_by?: string | null | undefined; data?: string | undefined; fazenda_id: string; id?: string | undefined; observacao?: string | null | undefined; ... 5 more ...; tipo: string; }, { ...; }>[]'.
      Type 'Omit<MovimentacaoSilo, "id">' is missing the following properties from type 'RejectExcessProperties<{ created_at?: string | null | undefined; created_by?: string | null | undefined; data?: string | undefined; fazenda_id: string; id?: string | undefined; observacao?: string | null | undefined; ... 5 more ...; tipo: string; }, { ...; }>[]': length, pop, push, concat, and 35 more.
lib/supabase/queries-audit.ts(290,15): error TS2769: No overload matches this call.
  Overload 1 of 2, '(values: RejectExcessProperties<{ area_ha: number; created_at?: string | null | undefined; custo_producao?: number | null | undefined; fazenda_id: string; id?: string | undefined; nome: string; observacoes?: string | null | undefined; status?: string | undefined; tipo_solo: string; updated_at?: string | ... 1 more ... | undefined; }, { ...; }>, options?: { ...; } | undefined): PostgrestFilterBuilder<...>', gave the following error.
    Argument of type 'Omit<Talhao, "id" | "fazenda_id">' is not assignable to parameter of type 'RejectExcessProperties<{ area_ha: number; created_at?: string | null | undefined; custo_producao?: number | null | undefined; fazenda_id: string; id?: string | undefined; nome: string; observacoes?: string | null | undefined; status?: string | undefined; tipo_solo: string; updated_at?: string | ... 1 more ... | unde...'.
      Property 'fazenda_id' is missing in type 'Omit<Talhao, "id" | "fazenda_id">' but required in type '{ area_ha: number; created_at?: string | null | undefined; custo_producao?: number | null | undefined; fazenda_id: string; id?: string | undefined; nome: string; observacoes?: string | null | undefined; status?: string | undefined; tipo_solo: string; updated_at?: string | ... 1 more ... | undefined; }'.
  Overload 2 of 2, '(values: RejectExcessProperties<{ area_ha: number; created_at?: string | null | undefined; custo_producao?: number | null | undefined; fazenda_id: string; id?: string | undefined; nome: string; observacoes?: string | null | undefined; status?: string | undefined; tipo_solo: string; updated_at?: string | ... 1 more ... | undefined; }, { ...; }>[], options?: { ...; } | undefined): PostgrestFilterBuilder<...>', gave the following error.
    Argument of type 'Omit<Talhao, "id" | "fazenda_id">' is not assignable to parameter of type 'RejectExcessProperties<{ area_ha: number; created_at?: string | null | undefined; custo_producao?: number | null | undefined; fazenda_id: string; id?: string | undefined; nome: string; observacoes?: string | null | undefined; status?: string | undefined; tipo_solo: string; updated_at?: string | ... 1 more ... | unde...'.
      Type 'Omit<Talhao, "id" | "fazenda_id">' is missing the following properties from type 'RejectExcessProperties<{ area_ha: number; created_at?: string | null | undefined; custo_producao?: number | null | undefined; fazenda_id: string; id?: string | undefined; nome: string; observacoes?: string | null | undefined; status?: string | undefined; tipo_solo: string; updated_at?: string | ... 1 more ... | unde...': length, pop, push, concat, and 35 more.
lib/supabase/queries-audit.ts(374,15): error TS2769: No overload matches this call.
  Overload 1 of 2, '(values: RejectExcessProperties<{ ativo?: boolean | null | undefined; created_at?: string | null | undefined; cultura: string; custo_total_estimado?: number | null | undefined; data_colheita_prevista: string; ... 7 more ...; updated_at?: string | ... 1 more ... | undefined; }, { ...; }>, options?: { ...; } | undefined): PostgrestFilterBuilder<...>', gave the following error.
    Argument of type 'Omit<CicloAgricola, "id">' is not assignable to parameter of type 'RejectExcessProperties<{ ativo?: boolean | null | undefined; created_at?: string | null | undefined; cultura: string; custo_total_estimado?: number | null | undefined; data_colheita_prevista: string; data_colheita_real?: string | ... 1 more ... | undefined; ... 6 more ...; updated_at?: string | ... 1 more ... | unde...'.
      Property 'fazenda_id' is missing in type 'Omit<CicloAgricola, "id">' but required in type '{ ativo?: boolean | null | undefined; created_at?: string | null | undefined; cultura: string; custo_total_estimado?: number | null | undefined; data_colheita_prevista: string; data_colheita_real?: string | ... 1 more ... | undefined; ... 6 more ...; updated_at?: string | ... 1 more ... | undefined; }'.
  Overload 2 of 2, '(values: RejectExcessProperties<{ ativo?: boolean | null | undefined; created_at?: string | null | undefined; cultura: string; custo_total_estimado?: number | null | undefined; data_colheita_prevista: string; ... 7 more ...; updated_at?: string | ... 1 more ... | undefined; }, { ...; }>[], options?: { ...; } | undefined): PostgrestFilterBuilder<...>', gave the following error.
    Argument of type 'Omit<CicloAgricola, "id">' is not assignable to parameter of type 'RejectExcessProperties<{ ativo?: boolean | null | undefined; created_at?: string | null | undefined; cultura: string; custo_total_estimado?: number | null | undefined; data_colheita_prevista: string; data_colheita_real?: string | ... 1 more ... | undefined; ... 6 more ...; updated_at?: string | ... 1 more ... | unde...'.
      Type 'Omit<CicloAgricola, "id">' is missing the following properties from type 'RejectExcessProperties<{ ativo?: boolean | null | undefined; created_at?: string | null | undefined; cultura: string; custo_total_estimado?: number | null | undefined; data_colheita_prevista: string; data_colheita_real?: string | ... 1 more ... | undefined; ... 6 more ...; updated_at?: string | ... 1 more ... | unde...': length, pop, push, concat, and 35 more.
lib/supabase/queries-audit.ts(385,15): error TS2345: Argument of type 'Partial<CicloAgricola>' is not assignable to parameter of type 'RejectExcessProperties<{ ativo?: boolean | null | undefined; created_at?: string | null | undefined; cultura?: string | undefined; custo_total_estimado?: number | null | undefined; data_colheita_prevista?: string | undefined; ... 7 more ...; updated_at?: string | ... 1 more ... | undefined; }, { ...; }>'.
  Type 'Partial<CicloAgricola>' is not assignable to type '{ ativo?: boolean | null | undefined; created_at?: string | null | undefined; cultura?: string | undefined; custo_total_estimado?: number | null | undefined; data_colheita_prevista?: string | undefined; ... 7 more ...; updated_at?: string | ... 1 more ... | undefined; }'.
    Types of property 'data_colheita_prevista' are incompatible.
      Type 'string | null | undefined' is not assignable to type 'string | undefined'.
        Type 'null' is not assignable to type 'string | undefined'.
lib/supabase/queries-audit.ts(477,15): error TS2769: No overload matches this call.
  Overload 1 of 2, '(values: RejectExcessProperties<{ ativo?: boolean | null | undefined; atualizado_em?: string | undefined; atualizado_por?: string | null | undefined; categoria_id?: string | null | undefined; created_at?: string | null | undefined; ... 16 more ...; unidade: string; }, Omit<...>>, options?: { ...; } | undefined): PostgrestFilterBuilder<...>', gave the following error.
    Argument of type 'Omit<Insumo, "id" | "fazenda_id">' is not assignable to parameter of type 'RejectExcessProperties<{ ativo?: boolean | null | undefined; atualizado_em?: string | undefined; atualizado_por?: string | null | undefined; categoria_id?: string | null | undefined; created_at?: string | null | undefined; ... 16 more ...; unidade: string; }, Omit<...>>'.
      Type 'Omit<Insumo, "id" | "fazenda_id">' is not assignable to type '{ criado_em: never; }'.
        Types of property 'criado_em' are incompatible.
          Type 'string | undefined' is not assignable to type 'never'.
            Type 'undefined' is not assignable to type 'never'.
  Overload 2 of 2, '(values: RejectExcessProperties<{ ativo?: boolean | null | undefined; atualizado_em?: string | undefined; atualizado_por?: string | null | undefined; categoria_id?: string | null | undefined; created_at?: string | null | undefined; ... 16 more ...; unidade: string; }, { ...; }>[], options?: { ...; } | undefined): PostgrestFilterBuilder<...>', gave the following error.
    Argument of type 'Omit<Insumo, "id" | "fazenda_id">' is not assignable to parameter of type 'RejectExcessProperties<{ ativo?: boolean | null | undefined; atualizado_em?: string | undefined; atualizado_por?: string | null | undefined; categoria_id?: string | null | undefined; created_at?: string | null | undefined; ... 16 more ...; unidade: string; }, { ...; }>[]'.
      Type 'Omit<Insumo, "id" | "fazenda_id">' is missing the following properties from type 'RejectExcessProperties<{ ativo?: boolean | null | undefined; atualizado_em?: string | undefined; atualizado_por?: string | null | undefined; categoria_id?: string | null | undefined; created_at?: string | null | undefined; ... 16 more ...; unidade: string; }, { ...; }>[]': length, pop, push, concat, and 35 more.
lib/supabase/queries-audit.ts(481,12): error TS2352: Conversion of type 'SelectQueryError<"column 'criado_em' does not exist on 'insumos'.">' to type 'Insumo' may be a mistake because neither type sufficiently overlaps with the other. If this was intentional, convert the expression to 'unknown' first.
  Type '{ error: true; } & String' is missing the following properties from type 'Insumo': id, fazenda_id, nome, unidade, and 4 more.
lib/supabase/queries-audit.ts(488,15): error TS2345: Argument of type 'Partial<Insumo>' is not assignable to parameter of type 'RejectExcessProperties<{ ativo?: boolean | null | undefined; atualizado_em?: string | undefined; atualizado_por?: string | null | undefined; categoria_id?: string | null | undefined; created_at?: string | null | undefined; ... 16 more ...; unidade?: string | undefined; }, Partial<...>>'.
  Type 'Partial<Insumo>' is not assignable to type '{ criado_em: never; }'.
    Types of property 'criado_em' are incompatible.
      Type 'string | undefined' is not assignable to type 'never'.
        Type 'undefined' is not assignable to type 'never'.
lib/supabase/queries-audit.ts(494,12): error TS2352: Conversion of type 'SelectQueryError<"column 'criado_em' does not exist on 'insumos'.">' to type 'Insumo' may be a mistake because neither type sufficiently overlaps with the other. If this was intentional, convert the expression to 'unknown' first.
  Type '{ error: true; } & String' is missing the following properties from type 'Insumo': id, fazenda_id, nome, unidade, and 4 more.
lib/supabase/queries-audit.ts(631,15): error TS2769: No overload matches this call.
  Overload 1 of 2, '(values: RejectExcessProperties<{ created_at?: string | null | undefined; criado_por?: string | null | undefined; data?: string | undefined; despesa_id?: string | null | undefined; destino_id?: string | null | undefined; ... 10 more ...; valor_unitario?: number | ... 1 more ... | undefined; }, Omit<...>>, options?: { ...; } | undefined): PostgrestFilterBuilder<...>', gave the following error.
    Argument of type 'Omit<MovimentacaoInsumo, "id">' is not assignable to parameter of type 'RejectExcessProperties<{ created_at?: string | null | undefined; criado_por?: string | null | undefined; data?: string | undefined; despesa_id?: string | null | undefined; destino_id?: string | null | undefined; ... 10 more ...; valor_unitario?: number | ... 1 more ... | undefined; }, Omit<...>>'.
      Type 'Omit<MovimentacaoInsumo, "id">' is not assignable to type '{ criado_em: never; }'.
        Types of property 'criado_em' are incompatible.
          Type 'string | undefined' is not assignable to type 'never'.
            Type 'undefined' is not assignable to type 'never'.
  Overload 2 of 2, '(values: RejectExcessProperties<{ created_at?: string | null | undefined; criado_por?: string | null | undefined; data?: string | undefined; despesa_id?: string | null | undefined; destino_id?: string | null | undefined; ... 10 more ...; valor_unitario?: number | ... 1 more ... | undefined; }, { ...; }>[], options?: { ...; } | undefined): PostgrestFilterBuilder<...>', gave the following error.
    Argument of type 'Omit<MovimentacaoInsumo, "id">' is not assignable to parameter of type 'RejectExcessProperties<{ created_at?: string | null | undefined; criado_por?: string | null | undefined; data?: string | undefined; despesa_id?: string | null | undefined; destino_id?: string | null | undefined; ... 10 more ...; valor_unitario?: number | ... 1 more ... | undefined; }, { ...; }>[]'.
      Type 'Omit<MovimentacaoInsumo, "id">' is missing the following properties from type 'RejectExcessProperties<{ created_at?: string | null | undefined; criado_por?: string | null | undefined; data?: string | undefined; despesa_id?: string | null | undefined; destino_id?: string | null | undefined; ... 10 more ...; valor_unitario?: number | ... 1 more ... | undefined; }, { ...; }>[]': length, pop, push, concat, and 35 more.
lib/supabase/queries-audit.ts(635,12): error TS2352: Conversion of type 'SelectQueryError<"column 'criado_em' does not exist on 'movimentacoes_insumo'.">' to type 'MovimentacaoInsumo' may be a mistake because neither type sufficiently overlaps with the other. If this was intentional, convert the expression to 'unknown' first.
  Type '{ error: true; } & String' is missing the following properties from type 'MovimentacaoInsumo': id, insumo_id, tipo, quantidade, and 2 more.
lib/supabase/queries-audit.ts(705,12): error TS2352: Conversion of type 'SelectQueryError<"column 'criado_em' does not exist on 'movimentacoes_insumo'.">' to type 'MovimentacaoInsumo' may be a mistake because neither type sufficiently overlaps with the other. If this was intentional, convert the expression to 'unknown' first.
  Type '{ error: true; } & String' is missing the following properties from type 'MovimentacaoInsumo': id, insumo_id, tipo, quantidade, and 2 more.
lib/supabase/queries-audit.ts(786,15): error TS2769: No overload matches this call.
  Overload 1 of 2, '(values: RejectExcessProperties<{ ativo?: boolean | null | undefined; atualizado_em?: string | undefined; atualizado_por?: string | null | undefined; categoria_id?: string | null | undefined; created_at?: string | null | undefined; ... 16 more ...; unidade: string; }, Omit<...>>, options?: { ...; } | undefined): PostgrestFilterBuilder<...>', gave the following error.
    Argument of type 'Omit<Insumo, "id" | "fazenda_id">' is not assignable to parameter of type 'RejectExcessProperties<{ ativo?: boolean | null | undefined; atualizado_em?: string | undefined; atualizado_por?: string | null | undefined; categoria_id?: string | null | undefined; created_at?: string | null | undefined; ... 16 more ...; unidade: string; }, Omit<...>>'.
      Type 'Omit<Insumo, "id" | "fazenda_id">' is not assignable to type '{ criado_em: never; }'.
        Types of property 'criado_em' are incompatible.
          Type 'string | undefined' is not assignable to type 'never'.
            Type 'undefined' is not assignable to type 'never'.
  Overload 2 of 2, '(values: RejectExcessProperties<{ ativo?: boolean | null | undefined; atualizado_em?: string | undefined; atualizado_por?: string | null | undefined; categoria_id?: string | null | undefined; created_at?: string | null | undefined; ... 16 more ...; unidade: string; }, { ...; }>[], options?: { ...; } | undefined): PostgrestFilterBuilder<...>', gave the following error.
    Argument of type 'Omit<Insumo, "id" | "fazenda_id">' is not assignable to parameter of type 'RejectExcessProperties<{ ativo?: boolean | null | undefined; atualizado_em?: string | undefined; atualizado_por?: string | null | undefined; categoria_id?: string | null | undefined; created_at?: string | null | undefined; ... 16 more ...; unidade: string; }, { ...; }>[]'.
      Type 'Omit<Insumo, "id" | "fazenda_id">' is missing the following properties from type 'RejectExcessProperties<{ ativo?: boolean | null | undefined; atualizado_em?: string | undefined; atualizado_por?: string | null | undefined; categoria_id?: string | null | undefined; created_at?: string | null | undefined; ... 16 more ...; unidade: string; }, { ...; }>[]': length, pop, push, concat, and 35 more.
lib/supabase/queries-audit.ts(790,12): error TS2352: Conversion of type 'SelectQueryError<"column 'criado_em' does not exist on 'insumos'.">' to type 'Insumo' may be a mistake because neither type sufficiently overlaps with the other. If this was intentional, convert the expression to 'unknown' first.
  Type '{ error: true; } & String' is missing the following properties from type 'Insumo': id, fazenda_id, nome, unidade, and 4 more.
lib/supabase/queries-audit.ts(813,15): error TS2345: Argument of type 'Partial<Insumo>' is not assignable to parameter of type 'RejectExcessProperties<{ ativo?: boolean | null | undefined; atualizado_em?: string | undefined; atualizado_por?: string | null | undefined; categoria_id?: string | null | undefined; created_at?: string | null | undefined; ... 16 more ...; unidade?: string | undefined; }, Partial<...>>'.
  Type 'Partial<Insumo>' is not assignable to type '{ criado_em: never; }'.
    Types of property 'criado_em' are incompatible.
      Type 'string | undefined' is not assignable to type 'never'.
        Type 'undefined' is not assignable to type 'never'.
lib/supabase/queries-audit.ts(819,12): error TS2352: Conversion of type 'SelectQueryError<"column 'criado_em' does not exist on 'insumos'.">' to type 'Insumo' may be a mistake because neither type sufficiently overlaps with the other. If this was intentional, convert the expression to 'unknown' first.
  Type '{ error: true; } & String' is missing the following properties from type 'Insumo': id, fazenda_id, nome, unidade, and 4 more.
lib/supabase/queries-audit.ts(854,15): error TS2769: No overload matches this call.
  Overload 1 of 2, '(values: RejectExcessProperties<{ created_at?: string | null | undefined; criado_por?: string | null | undefined; data?: string | undefined; despesa_id?: string | null | undefined; destino_id?: string | null | undefined; ... 10 more ...; valor_unitario?: number | ... 1 more ... | undefined; }, Omit<...>>, options?: { ...; } | undefined): PostgrestFilterBuilder<...>', gave the following error.
    Argument of type 'Omit<MovimentacaoInsumo, "id">' is not assignable to parameter of type 'RejectExcessProperties<{ created_at?: string | null | undefined; criado_por?: string | null | undefined; data?: string | undefined; despesa_id?: string | null | undefined; destino_id?: string | null | undefined; ... 10 more ...; valor_unitario?: number | ... 1 more ... | undefined; }, Omit<...>>'.
      Type 'Omit<MovimentacaoInsumo, "id">' is not assignable to type '{ criado_em: never; }'.
        Types of property 'criado_em' are incompatible.
          Type 'string | undefined' is not assignable to type 'never'.
            Type 'undefined' is not assignable to type 'never'.
  Overload 2 of 2, '(values: RejectExcessProperties<{ created_at?: string | null | undefined; criado_por?: string | null | undefined; data?: string | undefined; despesa_id?: string | null | undefined; destino_id?: string | null | undefined; ... 10 more ...; valor_unitario?: number | ... 1 more ... | undefined; }, { ...; }>[], options?: { ...; } | undefined): PostgrestFilterBuilder<...>', gave the following error.
    Argument of type 'Omit<MovimentacaoInsumo, "id">' is not assignable to parameter of type 'RejectExcessProperties<{ created_at?: string | null | undefined; criado_por?: string | null | undefined; data?: string | undefined; despesa_id?: string | null | undefined; destino_id?: string | null | undefined; ... 10 more ...; valor_unitario?: number | ... 1 more ... | undefined; }, { ...; }>[]'.
      Type 'Omit<MovimentacaoInsumo, "id">' is missing the following properties from type 'RejectExcessProperties<{ created_at?: string | null | undefined; criado_por?: string | null | undefined; data?: string | undefined; despesa_id?: string | null | undefined; destino_id?: string | null | undefined; ... 10 more ...; valor_unitario?: number | ... 1 more ... | undefined; }, { ...; }>[]': length, pop, push, concat, and 35 more.
lib/supabase/queries-audit.ts(858,12): error TS2352: Conversion of type 'SelectQueryError<"column 'criado_em' does not exist on 'movimentacoes_insumo'.">' to type 'MovimentacaoInsumo' may be a mistake because neither type sufficiently overlaps with the other. If this was intentional, convert the expression to 'unknown' first.
  Type '{ error: true; } & String' is missing the following properties from type 'MovimentacaoInsumo': id, insumo_id, tipo, quantidade, and 2 more.
lib/supabase/queries-audit.ts(936,75): error TS2339: Property 'id' does not exist on type 'SelectQueryError<"column 'criado_em' does not exist on 'movimentacoes_insumo'.">'.
lib/supabase/queries-audit.ts(937,14): error TS2352: Conversion of type 'SelectQueryError<"column 'criado_em' does not exist on 'movimentacoes_insumo'.">' to type 'MovimentacaoInsumo' may be a mistake because neither type sufficiently overlaps with the other. If this was intentional, convert the expression to 'unknown' first.
  Type '{ error: true; } & String' is missing the following properties from type 'MovimentacaoInsumo': id, insumo_id, tipo, quantidade, and 2 more.
lib/supabase/queries-audit.ts(990,5): error TS2322: Type '(string | null)[]' is not assignable to type 'string[]'.
  Type 'string | null' is not assignable to type 'string'.
    Type 'null' is not assignable to type 'string'.
lib/supabase/queries-audit.ts(1063,12): error TS2352: Conversion of type 'SelectQueryError<"column 'operador' does not exist on 'uso_maquinas'.">[]' to type 'UsoMaquina[]' may be a mistake because neither type sufficiently overlaps with the other. If this was intentional, convert the expression to 'unknown' first.
  Type '{ error: true; } & String' is missing the following properties from type 'UsoMaquina': id, maquina_id, data, operador, and 3 more.
lib/supabase/queries-audit.ts(1075,12): error TS2352: Conversion of type 'SelectQueryError<"column 'operador' does not exist on 'uso_maquinas'.">[]' to type 'UsoMaquina[]' may be a mistake because neither type sufficiently overlaps with the other. If this was intentional, convert the expression to 'unknown' first.
  Type '{ error: true; } & String' is missing the following properties from type 'UsoMaquina': id, maquina_id, data, operador, and 3 more.
lib/supabase/queries-audit.ts(1091,15): error TS2769: No overload matches this call.
  Overload 1 of 2, '(values: RejectExcessProperties<{ area_ha?: number | null | undefined; created_at?: string | null | undefined; created_by?: string | null | undefined; data?: string | undefined; fazenda_id: string; horas?: number | null | undefined; ... 8 more ...; tipo_operacao?: string | ... 1 more ... | undefined; }, { ...; }>, options?: { ...; } | undefined): PostgrestFilterBuilder<...>', gave the following error.
    Argument of type 'Omit<UsoMaquina, "id">' is not assignable to parameter of type 'RejectExcessProperties<{ area_ha?: number | null | undefined; created_at?: string | null | undefined; created_by?: string | null | undefined; data?: string | undefined; fazenda_id: string; horas?: number | null | undefined; ... 8 more ...; tipo_operacao?: string | ... 1 more ... | undefined; }, { ...; }>'.
      Property 'fazenda_id' is missing in type 'Omit<UsoMaquina, "id">' but required in type '{ area_ha?: number | null | undefined; created_at?: string | null | undefined; created_by?: string | null | undefined; data?: string | undefined; fazenda_id: string; horas?: number | null | undefined; ... 8 more ...; tipo_operacao?: string | ... 1 more ... | undefined; }'.
  Overload 2 of 2, '(values: RejectExcessProperties<{ area_ha?: number | null | undefined; created_at?: string | null | undefined; created_by?: string | null | undefined; data?: string | undefined; fazenda_id: string; horas?: number | null | undefined; ... 8 more ...; tipo_operacao?: string | ... 1 more ... | undefined; }, { ...; }>[], options?: { ...; } | undefined): PostgrestFilterBuilder<...>', gave the following error.
    Argument of type 'Omit<UsoMaquina, "id">' is not assignable to parameter of type 'RejectExcessProperties<{ area_ha?: number | null | undefined; created_at?: string | null | undefined; created_by?: string | null | undefined; data?: string | undefined; fazenda_id: string; horas?: number | null | undefined; ... 8 more ...; tipo_operacao?: string | ... 1 more ... | undefined; }, { ...; }>[]'.
      Type 'Omit<UsoMaquina, "id">' is missing the following properties from type 'RejectExcessProperties<{ area_ha?: number | null | undefined; created_at?: string | null | undefined; created_by?: string | null | undefined; data?: string | undefined; fazenda_id: string; horas?: number | null | undefined; ... 8 more ...; tipo_operacao?: string | ... 1 more ... | undefined; }, { ...; }>[]': length, pop, push, concat, and 35 more.
lib/supabase/queries-audit.ts(1095,12): error TS2352: Conversion of type 'SelectQueryError<"column 'operador' does not exist on 'uso_maquinas'.">' to type 'UsoMaquina' may be a mistake because neither type sufficiently overlaps with the other. If this was intentional, convert the expression to 'unknown' first.
  Type '{ error: true; } & String' is missing the following properties from type 'UsoMaquina': id, maquina_id, data, operador, and 3 more.
lib/supabase/queries-audit.ts(1217,15): error TS2769: No overload matches this call.
  Overload 1 of 2, '(values: RejectExcessProperties<{ combustivel?: string | null | undefined; created_at?: string | null | undefined; created_by?: string | null | undefined; data?: string | undefined; fazenda_id: string; fornecedor?: string | ... 1 more ... | undefined; ... 6 more ...; valor?: number | ... 1 more ... | undefined; }, { ...; }>, options?: { ...; } | undefined): PostgrestFilterBuilder<...>', gave the following error.
    Argument of type 'Omit<Abastecimento, "id">' is not assignable to parameter of type 'RejectExcessProperties<{ combustivel?: string | null | undefined; created_at?: string | null | undefined; created_by?: string | null | undefined; data?: string | undefined; fazenda_id: string; fornecedor?: string | ... 1 more ... | undefined; ... 6 more ...; valor?: number | ... 1 more ... | undefined; }, { ...; }>'.
      Property 'fazenda_id' is missing in type 'Omit<Abastecimento, "id">' but required in type '{ combustivel?: string | null | undefined; created_at?: string | null | undefined; created_by?: string | null | undefined; data?: string | undefined; fazenda_id: string; fornecedor?: string | ... 1 more ... | undefined; ... 6 more ...; valor?: number | ... 1 more ... | undefined; }'.
  Overload 2 of 2, '(values: RejectExcessProperties<{ combustivel?: string | null | undefined; created_at?: string | null | undefined; created_by?: string | null | undefined; data?: string | undefined; fazenda_id: string; fornecedor?: string | ... 1 more ... | undefined; ... 6 more ...; valor?: number | ... 1 more ... | undefined; }, { ...; }>[], options?: { ...; } | undefined): PostgrestFilterBuilder<...>', gave the following error.
    Argument of type 'Omit<Abastecimento, "id">' is not assignable to parameter of type 'RejectExcessProperties<{ combustivel?: string | null | undefined; created_at?: string | null | undefined; created_by?: string | null | undefined; data?: string | undefined; fazenda_id: string; fornecedor?: string | ... 1 more ... | undefined; ... 6 more ...; valor?: number | ... 1 more ... | undefined; }, { ...; }>[]'.
      Type 'Omit<Abastecimento, "id">' is missing the following properties from type 'RejectExcessProperties<{ combustivel?: string | null | undefined; created_at?: string | null | undefined; created_by?: string | null | undefined; data?: string | undefined; fazenda_id: string; fornecedor?: string | ... 1 more ... | undefined; ... 6 more ...; valor?: number | ... 1 more ... | undefined; }, { ...; }>[]': length, pop, push, concat, and 35 more.
lib/supabase/queries-audit.ts(1354,15): error TS2769: No overload matches this call.
  Overload 1 of 2, '(values: RejectExcessProperties<{ al_mmolc_dm3?: number | null | undefined; b_mg_dm3?: number | null | undefined; ca_mmolc_dm3?: number | null | undefined; categoria_pulverizacao?: string | null | undefined; ... 52 more ...; zn_mg_dm3?: number | ... 1 more ... | undefined; }, { ...; }>, options?: { ...; } | undefined): PostgrestFilterBuilder<...>', gave the following error.
    Argument of type 'Omit<AtividadeCampo, "id" | "fazenda_id" | "created_at">' is not assignable to parameter of type 'RejectExcessProperties<{ al_mmolc_dm3?: number | null | undefined; b_mg_dm3?: number | null | undefined; ca_mmolc_dm3?: number | null | undefined; categoria_pulverizacao?: string | null | undefined; ciclo_id: string; ... 51 more ...; zn_mg_dm3?: number | ... 1 more ... | undefined; }, { ...; }>'.
      Property 'fazenda_id' is missing in type 'Omit<AtividadeCampo, "id" | "fazenda_id" | "created_at">' but required in type '{ al_mmolc_dm3?: number | null | undefined; b_mg_dm3?: number | null | undefined; ca_mmolc_dm3?: number | null | undefined; categoria_pulverizacao?: string | null | undefined; ciclo_id: string; ... 51 more ...; zn_mg_dm3?: number | ... 1 more ... | undefined; }'.
  Overload 2 of 2, '(values: RejectExcessProperties<{ al_mmolc_dm3?: number | null | undefined; b_mg_dm3?: number | null | undefined; ca_mmolc_dm3?: number | null | undefined; categoria_pulverizacao?: string | null | undefined; ... 52 more ...; zn_mg_dm3?: number | ... 1 more ... | undefined; }, { ...; }>[], options?: { ...; } | undefined): PostgrestFilterBuilder<...>', gave the following error.
    Argument of type 'Omit<AtividadeCampo, "id" | "fazenda_id" | "created_at">' is not assignable to parameter of type 'RejectExcessProperties<{ al_mmolc_dm3?: number | null | undefined; b_mg_dm3?: number | null | undefined; ca_mmolc_dm3?: number | null | undefined; categoria_pulverizacao?: string | null | undefined; ciclo_id: string; ... 51 more ...; zn_mg_dm3?: number | ... 1 more ... | undefined; }, { ...; }>[]'.
      Type 'Omit<AtividadeCampo, "id" | "fazenda_id" | "created_at">' is missing the following properties from type 'RejectExcessProperties<{ al_mmolc_dm3?: number | null | undefined; b_mg_dm3?: number | null | undefined; ca_mmolc_dm3?: number | null | undefined; categoria_pulverizacao?: string | null | undefined; ciclo_id: string; ... 51 more ...; zn_mg_dm3?: number | ... 1 more ... | undefined; }, { ...; }>[]': length, pop, push, concat, and 35 more.
lib/supabase/queries-audit.ts(1368,15): error TS2345: Argument of type 'Partial<AtividadeCampo>' is not assignable to parameter of type 'RejectExcessProperties<{ al_mmolc_dm3?: number | null | undefined; b_mg_dm3?: number | null | undefined; ca_mmolc_dm3?: number | null | undefined; categoria_pulverizacao?: string | null | undefined; ciclo_id?: string | undefined; ... 51 more ...; zn_mg_dm3?: number | ... 1 more ... | undefined; }, { ...; }>'.
  Type 'Partial<AtividadeCampo>' is not assignable to type '{ al_mmolc_dm3?: number | null | undefined; b_mg_dm3?: number | null | undefined; ca_mmolc_dm3?: number | null | undefined; categoria_pulverizacao?: string | null | undefined; ciclo_id?: string | undefined; ... 51 more ...; zn_mg_dm3?: number | ... 1 more ... | undefined; }'.
    Types of property 'ciclo_id' are incompatible.
      Type 'string | null | undefined' is not assignable to type 'string | undefined'.
        Type 'null' is not assignable to type 'string | undefined'.
lib/supabase/queries-audit.ts(1410,15): error TS2769: No overload matches this call.
  Overload 1 of 2, '(values: RejectExcessProperties<{ atividade_campo_id?: string | null | undefined; ciclo_id: string; created_at?: string | null | undefined; cultura: string; data_esperada?: string | null | undefined; data_realizada?: string | ... 1 more ... | undefined; ... 7 more ...; updated_at?: string | ... 1 more ... | undefined; }, { ...; }>, options?: { ...; } | undefined): PostgrestFilterBuilder<...>', gave the following error.
    Argument of type 'Omit<EventoDAP, "id" | "created_at" | "updated_at">' is not assignable to parameter of type 'RejectExcessProperties<{ atividade_campo_id?: string | null | undefined; ciclo_id: string; created_at?: string | null | undefined; cultura: string; data_esperada?: string | null | undefined; data_realizada?: string | ... 1 more ... | undefined; ... 7 more ...; updated_at?: string | ... 1 more ... | undefined; }, { ....'.
      Property 'fazenda_id' is missing in type 'Omit<EventoDAP, "id" | "created_at" | "updated_at">' but required in type '{ atividade_campo_id?: string | null | undefined; ciclo_id: string; created_at?: string | null | undefined; cultura: string; data_esperada?: string | null | undefined; data_realizada?: string | ... 1 more ... | undefined; ... 7 more ...; updated_at?: string | ... 1 more ... | undefined; }'.
  Overload 2 of 2, '(values: RejectExcessProperties<{ atividade_campo_id?: string | null | undefined; ciclo_id: string; created_at?: string | null | undefined; cultura: string; data_esperada?: string | null | undefined; data_realizada?: string | ... 1 more ... | undefined; ... 7 more ...; updated_at?: string | ... 1 more ... | undefined; }, { ...; }>[], options?: { ...; } | undefined): PostgrestFilterBuilder<...>', gave the following error.
    Argument of type 'Omit<EventoDAP, "id" | "created_at" | "updated_at">' is not assignable to parameter of type 'RejectExcessProperties<{ atividade_campo_id?: string | null | undefined; ciclo_id: string; created_at?: string | null | undefined; cultura: string; data_esperada?: string | null | undefined; data_realizada?: string | ... 1 more ... | undefined; ... 7 more ...; updated_at?: string | ... 1 more ... | undefined; }, { ....'.
      Type 'Omit<EventoDAP, "id" | "created_at" | "updated_at">' is missing the following properties from type 'RejectExcessProperties<{ atividade_campo_id?: string | null | undefined; ciclo_id: string; created_at?: string | null | undefined; cultura: string; data_esperada?: string | null | undefined; data_realizada?: string | ... 1 more ... | undefined; ... 7 more ...; updated_at?: string | ... 1 more ... | undefined; }, { ....': length, pop, push, concat, and 35 more.
lib/supabase/queries-audit.ts(1503,8): error TS2769: No overload matches this call.
  Overload 1 of 2, '(values: RejectExcessProperties<{ consumo_ms_kg_cab_dia: number; created_at?: string | null | undefined; fazenda_id: string; id?: string | undefined; nome: string; quantidade_cabecas?: number | undefined; }, { ...; }>, options?: { ...; } | undefined): PostgrestFilterBuilder<...>', gave the following error.
    Argument of type '{ fazenda_id: string; id?: string | undefined; nome?: string | undefined; quantidade_cabecas?: number | undefined; consumo_ms_kg_cab_dia?: number | undefined; created_at?: string | undefined; }' is not assignable to parameter of type 'RejectExcessProperties<{ consumo_ms_kg_cab_dia: number; created_at?: string | null | undefined; fazenda_id: string; id?: string | undefined; nome: string; quantidade_cabecas?: number | undefined; }, { consumo_ms_kg_cab_dia: number; ... 4 more ...; quantidade_cabecas?: number | undefined; }>'.
      Type '{ fazenda_id: string; id?: string | undefined; nome?: string | undefined; quantidade_cabecas?: number | undefined; consumo_ms_kg_cab_dia?: number | undefined; created_at?: string | undefined; }' is not assignable to type '{ consumo_ms_kg_cab_dia: number; created_at?: string | null | undefined; fazenda_id: string; id?: string | undefined; nome: string; quantidade_cabecas?: number | undefined; }'.
        Types of property 'consumo_ms_kg_cab_dia' are incompatible.
          Type 'number | undefined' is not assignable to type 'number'.
            Type 'undefined' is not assignable to type 'number'.
  Overload 2 of 2, '(values: RejectExcessProperties<{ consumo_ms_kg_cab_dia: number; created_at?: string | null | undefined; fazenda_id: string; id?: string | undefined; nome: string; quantidade_cabecas?: number | undefined; }, { ...; }>[], options?: { ...; } | undefined): PostgrestFilterBuilder<...>', gave the following error.
    Object literal may only specify known properties, and 'fazenda_id' does not exist in type 'RejectExcessProperties<{ consumo_ms_kg_cab_dia: number; created_at?: string | null | undefined; fazenda_id: string; id?: string | undefined; nome: string; quantidade_cabecas?: number | undefined; }, { consumo_ms_kg_cab_dia: number; ... 4 more ...; quantidade_cabecas?: number | undefined; }>[]'.
lib/supabase/queries-audit.ts(1542,8): error TS2769: No overload matches this call.
  Overload 1 of 2, '(values: RejectExcessProperties<{ created_at?: string | null | undefined; data_fim: string; data_inicio: string; fazenda_id: string; id?: string | undefined; nome: string; }, { created_at?: string | null | undefined; ... 4 more ...; nome: string; }>, options?: { ...; } | undefined): PostgrestFilterBuilder<...>', gave the following error.
    Argument of type '{ fazenda_id: string; id?: string | undefined; nome?: string | undefined; data_inicio?: string | undefined; data_fim?: string | undefined; created_at?: string | undefined; }' is not assignable to parameter of type 'RejectExcessProperties<{ created_at?: string | null | undefined; data_fim: string; data_inicio: string; fazenda_id: string; id?: string | undefined; nome: string; }, { created_at?: string | null | undefined; ... 4 more ...; nome: string; }>'.
      Type '{ fazenda_id: string; id?: string | undefined; nome?: string | undefined; data_inicio?: string | undefined; data_fim?: string | undefined; created_at?: string | undefined; }' is not assignable to type '{ created_at?: string | null | undefined; data_fim: string; data_inicio: string; fazenda_id: string; id?: string | undefined; nome: string; }'.
        Types of property 'data_fim' are incompatible.
          Type 'string | undefined' is not assignable to type 'string'.
            Type 'undefined' is not assignable to type 'string'.
  Overload 2 of 2, '(values: RejectExcessProperties<{ created_at?: string | null | undefined; data_fim: string; data_inicio: string; fazenda_id: string; id?: string | undefined; nome: string; }, { created_at?: string | null | undefined; ... 4 more ...; nome: string; }>[], options?: { ...; } | undefined): PostgrestFilterBuilder<...>', gave the following error.
    Object literal may only specify known properties, and 'fazenda_id' does not exist in type 'RejectExcessProperties<{ created_at?: string | null | undefined; data_fim: string; data_inicio: string; fazenda_id: string; id?: string | undefined; nome: string; }, { created_at?: string | null | undefined; ... 4 more ...; nome: string; }>[]'.
lib/supabase/queries-audit.ts(1572,12): error TS2352: Conversion of type '{ created_at: string | null; fazenda_id: string; id: string; nome: string; parametros: Json; rebanho: Json; resultados: Json; sistema: Json; updated_at: string | null; }[]' to type 'PlanejamentoSilagem[]' may be a mistake because neither type sufficiently overlaps with the other. If this was intentional, convert the expression to 'unknown' first.
  Type '{ created_at: string | null; fazenda_id: string; id: string; nome: string; parametros: Json; rebanho: Json; resultados: Json; sistema: Json; updated_at: string | null; }' is not comparable to type 'PlanejamentoSilagem'.
    Types of property 'sistema' are incompatible.
      Type 'Json' is not comparable to type 'DefinicaoSistema'.
        Type 'Json[]' is missing the following properties from type 'DefinicaoSistema': tipo_rebanho, sistema_producao, fator_consumo, fator_silagem
lib/supabase/queries-audit.ts(1581,15): error TS2769: No overload matches this call.
  Overload 1 of 2, '(values: RejectExcessProperties<{ created_at?: string | null | undefined; fazenda_id: string; id?: string | undefined; nome: string; parametros: Json; rebanho: Json; resultados: Json; sistema: Json; updated_at?: string | ... 1 more ... | undefined; }, { ...; }>, options?: { ...; } | undefined): PostgrestFilterBuilder<...>', gave the following error.
    Argument of type 'Omit<PlanejamentoSilagem, "id" | "fazenda_id" | "created_at">' is not assignable to parameter of type 'RejectExcessProperties<{ created_at?: string | null | undefined; fazenda_id: string; id?: string | undefined; nome: string; parametros: Json; rebanho: Json; resultados: Json; sistema: Json; updated_at?: string | ... 1 more ... | undefined; }, { ...; }>'.
      Property 'fazenda_id' is missing in type 'Omit<PlanejamentoSilagem, "id" | "fazenda_id" | "created_at">' but required in type '{ created_at?: string | null | undefined; fazenda_id: string; id?: string | undefined; nome: string; parametros: Json; rebanho: Json; resultados: Json; sistema: Json; updated_at?: string | ... 1 more ... | undefined; }'.
  Overload 2 of 2, '(values: RejectExcessProperties<{ created_at?: string | null | undefined; fazenda_id: string; id?: string | undefined; nome: string; parametros: Json; rebanho: Json; resultados: Json; sistema: Json; updated_at?: string | ... 1 more ... | undefined; }, { ...; }>[], options?: { ...; } | undefined): PostgrestFilterBuilder<...>', gave the following error.
    Argument of type 'Omit<PlanejamentoSilagem, "id" | "fazenda_id" | "created_at">' is not assignable to parameter of type 'RejectExcessProperties<{ created_at?: string | null | undefined; fazenda_id: string; id?: string | undefined; nome: string; parametros: Json; rebanho: Json; resultados: Json; sistema: Json; updated_at?: string | ... 1 more ... | undefined; }, { ...; }>[]'.
      Type 'Omit<PlanejamentoSilagem, "id" | "fazenda_id" | "created_at">' is missing the following properties from type 'RejectExcessProperties<{ created_at?: string | null | undefined; fazenda_id: string; id?: string | undefined; nome: string; parametros: Json; rebanho: Json; resultados: Json; sistema: Json; updated_at?: string | ... 1 more ... | undefined; }, { ...; }>[]': length, pop, push, concat, and 35 more.
lib/supabase/queries-audit.ts(1585,12): error TS2352: Conversion of type '{ id: string; fazenda_id: string; nome: string; sistema: Json; rebanho: Json; parametros: Json; resultados: Json; created_at: string | null; }' to type 'PlanejamentoSilagem' may be a mistake because neither type sufficiently overlaps with the other. If this was intentional, convert the expression to 'unknown' first.
  Types of property 'sistema' are incompatible.
    Type 'Json' is not comparable to type 'DefinicaoSistema'.
      Type 'Json[]' is missing the following properties from type 'DefinicaoSistema': tipo_rebanho, sistema_producao, fator_consumo, fator_silagem
lib/supabase/queries-audit.ts(1597,12): error TS2352: Conversion of type '{ created_at: string | null; fazenda_id: string; id: string; nome: string; parametros: Json; rebanho: Json; resultados: Json; sistema: Json; updated_at: string | null; }' to type 'PlanejamentoSilagem' may be a mistake because neither type sufficiently overlaps with the other. If this was intentional, convert the expression to 'unknown' first.
  Types of property 'sistema' are incompatible.
    Type 'Json' is not comparable to type 'DefinicaoSistema'.
      Type 'Json[]' is missing the following properties from type 'DefinicaoSistema': tipo_rebanho, sistema_producao, fator_consumo, fator_silagem
lib/supabase/queries-audit.ts(1620,12): error TS2352: Conversion of type '{ id: string; fazenda_id: string; nome: string; sistema: Json; rebanho: Json; parametros: Json; resultados: Json; created_at: string | null; }' to type 'PlanejamentoSilagem' may be a mistake because neither type sufficiently overlaps with the other. If this was intentional, convert the expression to 'unknown' first.
  Types of property 'sistema' are incompatible.
    Type 'Json' is not comparable to type 'DefinicaoSistema'.
      Type 'Json[]' is missing the following properties from type 'DefinicaoSistema': tipo_rebanho, sistema_producao, fator_consumo, fator_silagem
lib/supabase/queries-audit.ts(1676,12): error TS2352: Conversion of type '{ created_at: string | null; fazenda_id: string; id: string; nome: string; parametros: Json; rebanho: Json; resultados: Json; sistema: Json; updated_at: string | null; }[]' to type 'PlanejamentoSilagem[]' may be a mistake because neither type sufficiently overlaps with the other. If this was intentional, convert the expression to 'unknown' first.
  Type '{ created_at: string | null; fazenda_id: string; id: string; nome: string; parametros: Json; rebanho: Json; resultados: Json; sistema: Json; updated_at: string | null; }' is not comparable to type 'PlanejamentoSilagem'.
    Types of property 'sistema' are incompatible.
      Type 'Json' is not comparable to type 'DefinicaoSistema'.
        Type 'Json[]' is missing the following properties from type 'DefinicaoSistema': tipo_rebanho, sistema_producao, fator_consumo, fator_silagem
lib/supabase/queries-audit.ts(1687,15): error TS2769: No overload matches this call.
  Overload 1 of 2, '(values: RejectExcessProperties<{ created_at?: string | null | undefined; fazenda_id: string; id?: string | undefined; nome: string; parametros: Json; rebanho: Json; resultados: Json; sistema: Json; updated_at?: string | ... 1 more ... | undefined; }, { ...; }>, options?: { ...; } | undefined): PostgrestFilterBuilder<...>', gave the following error.
    Argument of type 'Omit<PlanejamentoSilagem, "id" | "fazenda_id" | "created_at">' is not assignable to parameter of type 'RejectExcessProperties<{ created_at?: string | null | undefined; fazenda_id: string; id?: string | undefined; nome: string; parametros: Json; rebanho: Json; resultados: Json; sistema: Json; updated_at?: string | ... 1 more ... | undefined; }, { ...; }>'.
      Property 'fazenda_id' is missing in type 'Omit<PlanejamentoSilagem, "id" | "fazenda_id" | "created_at">' but required in type '{ created_at?: string | null | undefined; fazenda_id: string; id?: string | undefined; nome: string; parametros: Json; rebanho: Json; resultados: Json; sistema: Json; updated_at?: string | ... 1 more ... | undefined; }'.
  Overload 2 of 2, '(values: RejectExcessProperties<{ created_at?: string | null | undefined; fazenda_id: string; id?: string | undefined; nome: string; parametros: Json; rebanho: Json; resultados: Json; sistema: Json; updated_at?: string | ... 1 more ... | undefined; }, { ...; }>[], options?: { ...; } | undefined): PostgrestFilterBuilder<...>', gave the following error.
    Argument of type 'Omit<PlanejamentoSilagem, "id" | "fazenda_id" | "created_at">' is not assignable to parameter of type 'RejectExcessProperties<{ created_at?: string | null | undefined; fazenda_id: string; id?: string | undefined; nome: string; parametros: Json; rebanho: Json; resultados: Json; sistema: Json; updated_at?: string | ... 1 more ... | undefined; }, { ...; }>[]'.
      Type 'Omit<PlanejamentoSilagem, "id" | "fazenda_id" | "created_at">' is missing the following properties from type 'RejectExcessProperties<{ created_at?: string | null | undefined; fazenda_id: string; id?: string | undefined; nome: string; parametros: Json; rebanho: Json; resultados: Json; sistema: Json; updated_at?: string | ... 1 more ... | undefined; }, { ...; }>[]': length, pop, push, concat, and 35 more.
lib/supabase/queries-audit.ts(1691,12): error TS2352: Conversion of type '{ id: string; fazenda_id: string; nome: string; sistema: Json; rebanho: Json; parametros: Json; resultados: Json; created_at: string | null; }' to type 'PlanejamentoSilagem' may be a mistake because neither type sufficiently overlaps with the other. If this was intentional, convert the expression to 'unknown' first.
  Types of property 'sistema' are incompatible.
    Type 'Json' is not comparable to type 'DefinicaoSistema'.
      Type 'Json[]' is missing the following properties from type 'DefinicaoSistema': tipo_rebanho, sistema_producao, fator_consumo, fator_silagem
lib/supabase/queries-audit.ts(1705,12): error TS2352: Conversion of type '{ created_at: string | null; fazenda_id: string; id: string; nome: string; parametros: Json; rebanho: Json; resultados: Json; sistema: Json; updated_at: string | null; }' to type 'PlanejamentoSilagem' may be a mistake because neither type sufficiently overlaps with the other. If this was intentional, convert the expression to 'unknown' first.
  Types of property 'sistema' are incompatible.
    Type 'Json' is not comparable to type 'DefinicaoSistema'.
      Type 'Json[]' is missing the following properties from type 'DefinicaoSistema': tipo_rebanho, sistema_producao, fator_consumo, fator_silagem
lib/supabase/queries-audit.ts(1732,12): error TS2352: Conversion of type '{ id: string; fazenda_id: string; nome: string; sistema: Json; rebanho: Json; parametros: Json; resultados: Json; created_at: string | null; }' to type 'PlanejamentoSilagem' may be a mistake because neither type sufficiently overlaps with the other. If this was intentional, convert the expression to 'unknown' first.
  Types of property 'sistema' are incompatible.
    Type 'Json' is not comparable to type 'DefinicaoSistema'.
      Type 'Json[]' is missing the following properties from type 'DefinicaoSistema': tipo_rebanho, sistema_producao, fator_consumo, fator_silagem
lib/supabase/talhoes.ts(153,8): error TS2769: No overload matches this call.
  Overload 1 of 2, '(values: RejectExcessProperties<{ ativo?: boolean | null | undefined; created_at?: string | null | undefined; cultura: string; custo_total_estimado?: number | null | undefined; data_colheita_prevista: string; ... 7 more ...; updated_at?: string | ... 1 more ... | undefined; }, { ...; }>, options?: { ...; } | undefined): PostgrestFilterBuilder<...>', gave the following error.
    Argument of type '{ ativo: true; talhao_id: string; cultura: "Milho Gr├úo" | "Milho Silagem" | "Soja" | "Feij├úo" | "Sorgo Gr├úo" | "Sorgo Silagem" | "Trigo" | "Trigo Silagem"; data_plantio: string; data_colheita_prevista: string; }' is not assignable to parameter of type 'RejectExcessProperties<{ ativo?: boolean | null | undefined; created_at?: string | null | undefined; cultura: string; custo_total_estimado?: number | null | undefined; data_colheita_prevista: string; data_colheita_real?: string | ... 1 more ... | undefined; ... 6 more ...; updated_at?: string | ... 1 more ... | unde...'.
      Property 'fazenda_id' is missing in type '{ ativo: true; talhao_id: string; cultura: "Milho Gr├úo" | "Milho Silagem" | "Soja" | "Feij├úo" | "Sorgo Gr├úo" | "Sorgo Silagem" | "Trigo" | "Trigo Silagem"; data_plantio: string; data_colheita_prevista: string; }' but required in type '{ ativo?: boolean | null | undefined; created_at?: string | null | undefined; cultura: string; custo_total_estimado?: number | null | undefined; data_colheita_prevista: string; data_colheita_real?: string | ... 1 more ... | undefined; ... 6 more ...; updated_at?: string | ... 1 more ... | undefined; }'.
  Overload 2 of 2, '(values: RejectExcessProperties<{ ativo?: boolean | null | undefined; created_at?: string | null | undefined; cultura: string; custo_total_estimado?: number | null | undefined; data_colheita_prevista: string; ... 7 more ...; updated_at?: string | ... 1 more ... | undefined; }, { ...; }>[], options?: { ...; } | undefined): PostgrestFilterBuilder<...>', gave the following error.
    Object literal may only specify known properties, and 'ativo' does not exist in type 'RejectExcessProperties<{ ativo?: boolean | null | undefined; created_at?: string | null | undefined; cultura: string; custo_total_estimado?: number | null | undefined; data_colheita_prevista: string; data_colheita_real?: string | ... 1 more ... | undefined; ... 6 more ...; updated_at?: string | ... 1 more ... | unde...'.
lib/supabase/talhoes.ts(230,8): error TS2769: No overload matches this call.
  Overload 1 of 2, '(values: RejectExcessProperties<{ al_mmolc_dm3?: number | null | undefined; b_mg_dm3?: number | null | undefined; ca_mmolc_dm3?: number | null | undefined; categoria_pulverizacao?: string | null | undefined; ... 52 more ...; zn_mg_dm3?: number | ... 1 more ... | undefined; }, { ...; }>, options?: { ...; } | undefined): PostgrestFilterBuilder<...>', gave the following error.
    Argument of type '{ custo_total: number; ciclo_id: string; talhao_id: string; tipo_operacao: TipoOperacao; data: string; maquina_id?: string | null | undefined; horas_maquina?: number | null | undefined; ... 40 more ...; custo_por_hora_r?: number | ... 1 more ... | undefined; }' is not assignable to parameter of type 'RejectExcessProperties<{ al_mmolc_dm3?: number | null | undefined; b_mg_dm3?: number | null | undefined; ca_mmolc_dm3?: number | null | undefined; categoria_pulverizacao?: string | null | undefined; ciclo_id: string; ... 51 more ...; zn_mg_dm3?: number | ... 1 more ... | undefined; }, { ...; }>'.
      Property 'fazenda_id' is missing in type '{ custo_total: number; ciclo_id: string; talhao_id: string; tipo_operacao: TipoOperacao; data: string; maquina_id?: string | null | undefined; horas_maquina?: number | null | undefined; ... 40 more ...; custo_por_hora_r?: number | ... 1 more ... | undefined; }' but required in type '{ al_mmolc_dm3?: number | null | undefined; b_mg_dm3?: number | null | undefined; ca_mmolc_dm3?: number | null | undefined; categoria_pulverizacao?: string | null | undefined; ciclo_id: string; ... 51 more ...; zn_mg_dm3?: number | ... 1 more ... | undefined; }'.
  Overload 2 of 2, '(values: RejectExcessProperties<{ al_mmolc_dm3?: number | null | undefined; b_mg_dm3?: number | null | undefined; ca_mmolc_dm3?: number | null | undefined; categoria_pulverizacao?: string | null | undefined; ... 52 more ...; zn_mg_dm3?: number | ... 1 more ... | undefined; }, { ...; }>[], options?: { ...; } | undefined): PostgrestFilterBuilder<...>', gave the following error.
    Object literal may only specify known properties, and 'custo_total' does not exist in type 'RejectExcessProperties<{ al_mmolc_dm3?: number | null | undefined; b_mg_dm3?: number | null | undefined; ca_mmolc_dm3?: number | null | undefined; categoria_pulverizacao?: string | null | undefined; ciclo_id: string; ... 51 more ...; zn_mg_dm3?: number | ... 1 more ... | undefined; }, { ...; }>[]'.
lib/supabase/talhoes.ts(347,7): error TS2769: No overload matches this call.
  Overload 1 of 2, '(values: RejectExcessProperties<{ atividade_campo_id?: string | null | undefined; ciclo_id: string; created_at?: string | null | undefined; cultura: string; data_esperada?: string | null | undefined; data_realizada?: string | ... 1 more ... | undefined; ... 7 more ...; updated_at?: string | ... 1 more ... | undefined; }, { ...; }>, options?: { ...; } | undefined): PostgrestFilterBuilder<...>', gave the following error.
    Argument of type '{ talhao_id: any; ciclo_id: string; cultura: string; tipo_operacao: string; dias_apos_plantio: number; dias_apos_plantio_final: number | undefined; data_esperada: string; status: string; }[]' is not assignable to parameter of type 'RejectExcessProperties<{ atividade_campo_id?: string | null | undefined; ciclo_id: string; created_at?: string | null | undefined; cultura: string; data_esperada?: string | null | undefined; data_realizada?: string | ... 1 more ... | undefined; ... 7 more ...; updated_at?: string | ... 1 more ... | undefined; }, { ....'.
      Type '{ talhao_id: any; ciclo_id: string; cultura: string; tipo_operacao: string; dias_apos_plantio: number; dias_apos_plantio_final: number | undefined; data_esperada: string; status: string; }[]' is missing the following properties from type '{ atividade_campo_id?: string | null | undefined; ciclo_id: string; created_at?: string | null | undefined; cultura: string; data_esperada?: string | null | undefined; data_realizada?: string | ... 1 more ... | undefined; ... 7 more ...; updated_at?: string | ... 1 more ... | undefined; }': ciclo_id, cultura, dias_apos_plantio, fazenda_id, and 2 more.
  Overload 2 of 2, '(values: RejectExcessProperties<{ atividade_campo_id?: string | null | undefined; ciclo_id: string; created_at?: string | null | undefined; cultura: string; data_esperada?: string | null | undefined; data_realizada?: string | ... 1 more ... | undefined; ... 7 more ...; updated_at?: string | ... 1 more ... | undefined; }, { ...; }>[], options?: { ...; } | undefined): PostgrestFilterBuilder<...>', gave the following error.
    Argument of type '{ talhao_id: any; ciclo_id: string; cultura: string; tipo_operacao: string; dias_apos_plantio: number; dias_apos_plantio_final: number | undefined; data_esperada: string; status: string; }[]' is not assignable to parameter of type 'RejectExcessProperties<{ atividade_campo_id?: string | null | undefined; ciclo_id: string; created_at?: string | null | undefined; cultura: string; data_esperada?: string | null | undefined; data_realizada?: string | ... 1 more ... | undefined; ... 7 more ...; updated_at?: string | ... 1 more ... | undefined; }, { ....'.
      Type '{ talhao_id: any; ciclo_id: string; cultura: string; tipo_operacao: string; dias_apos_plantio: number; dias_apos_plantio_final: number | undefined; data_esperada: string; status: string; }' is not assignable to type 'RejectExcessProperties<{ atividade_campo_id?: string | null | undefined; ciclo_id: string; created_at?: string | null | undefined; cultura: string; data_esperada?: string | null | undefined; data_realizada?: string | ... 1 more ... | undefined; ... 7 more ...; updated_at?: string | ... 1 more ... | undefined; }, { ....'.
        Property 'fazenda_id' is missing in type '{ talhao_id: any; ciclo_id: string; cultura: string; tipo_operacao: string; dias_apos_plantio: number; dias_apos_plantio_final: number | undefined; data_esperada: string; status: string; }' but required in type '{ atividade_campo_id?: string | null | undefined; ciclo_id: string; created_at?: string | null | undefined; cultura: string; data_esperada?: string | null | undefined; data_realizada?: string | ... 1 more ... | undefined; ... 7 more ...; updated_at?: string | ... 1 more ... | undefined; }'.
